[elementyoga.vhx.tv/index.html]
[dr56wvhu2c8zo.cloudfront.net/elementyoga/assets/EY_Logo_Icon_Sea Green.png]
[backblue.gif]
[fade.gif]
[index.html]
[elementyoga.vhx.tv/humans.txt]
[vhx.imgix.net/elementyoga/assets/19aa3316-bc72-4158-b08c-ad027e6311ef2fb5.png]
[vhx.imgix.net/elementyoga/assets/19aa3316-bc72-4158-b08c-ad027e6311efa6cf.png]
[vhx.imgix.net/elementyoga/assets/19aa3316-bc72-4158-b08c-ad027e6311eff831.png]
[vhx.imgix.net/elementyoga/assets/19aa3316-bc72-4158-b08c-ad027e6311efd225.png]
[vhx.imgix.net/elementyoga/assets/19aa3316-bc72-4158-b08c-ad027e6311ef0fa4.png]
[vhx.imgix.net/elementyoga/assets/19aa3316-bc72-4158-b08c-ad027e6311ef9645.png]
[vhx.imgix.net/elementyoga/assets/19aa3316-bc72-4158-b08c-ad027e6311ef115b.png]
[vhx.imgix.net/elementyoga/assets/19aa3316-bc72-4158-b08c-ad027e6311ef4324.png]
[vhx.imgix.net/elementyoga/assets/19aa3316-bc72-4158-b08c-ad027e6311ef42d3.png]
[vhx.imgix.net/elementyoga/assets/19aa3316-bc72-4158-b08c-ad027e6311efa4d6.png]
[vhx.imgix.net/elementyoga/assets/19aa3316-bc72-4158-b08c-ad027e6311ef57b9.png]
[vhx.imgix.net/elementyoga/assets/2a3c69f8-f72a-4ff9-9df2-5556834982d350be.jpg]
[cdn.vhx.tv/assets/webpack/icons.svg-ottbundle-798d02cf9d8ee37d5dfe.css]
[cdn.vhx.tv/assets/webpack/sites-ottbundle-edf8dd6d4f778f83ed2d.css]
[cdn.vhx.tv/assets/webpack/subscription-ottbundle-ebe89e7f610a807591ce.css]
[cdn.vhx.tv/assets/templates/_shared/typography.cabin-fbf47464e6fc8be55a690a1794cea5ccfa4ad1510e4c42af000fa59b871b9771.css]
[www.google-analytics.com/analytics.js]
[cdn.vhx.tv/assets/tracker-be253e44a9312b41e422e9acec66d157e9c650341ea1701c01c2c8b31b26b9e6.js]
[elementyoga.vhx.tv/site.14.delayed]
[connect.facebook.net/en_US/fbevents.js]
[vhx.imgix.net/elementyoga/assets/35013837-beba-42d7-932a-c58b25ac3911e110.png]
[static.ads-twitter.com/uwt.js]
[elementyoga.vhx.tv/products.html]
[elementyoga.vhx.tv/search.html]
[elementyoga.vhx.tv/login.html]
[vhx.imgix.net/elementyoga/assets/58929c0f-4b2f-4167-95b2-368c3df64f43f0f4.jpg]
[elementyoga.vhx.tv/products/index.html]
[elementyoga.vhx.tv/checkout/patanjalis-yamas-und-niyamas.html]
[cdn.vhx.tv/assets/templates/subscription/gallery-1-44a74dd98c1931da35ecb7f7246f43aafe15bbac604278918a79a6774a4573f9.jpg]
[elementyoga.vhx.tv/checkout/patanjalis-yamas-und-niyamas03d7.html]
[cdn.vhx.tv/assets/templates/subscription/gallery-2-d8274078e7837bd30b2620f98e93038d6dc4ec92e677503241a0e49d15c3c2ed.jpg]
[cdn.vhx.tv/assets/templates/subscription/gallery-3-85862c3d6a963afa0e521b5e90255e7fff396a594bc3fec89d1474f4d89c74d7.jpg]
[cdn.vhx.tv/assets/templates/subscription/gallery-4-b8a7423844c7f5f74b34f753c5c93b49cebe6c60f7723cdfe96488df2de4cc80.jpg]
[cdn.vhx.tv/assets/templates/subscription/gallery-5-a72386febed26a8d9888037dcb30e218b2d7d60aee3ec5a9e103d2297bac9b0d.jpg]
[cdn.vhx.tv/assets/templates/subscription/gallery-6-502f21ce318e6c1ec4dfddf88ddb82c930005875593a32107e7cfc90b65470e6.jpg]
[cdn.vhx.tv/assets/templates/subscription/gallery-7-4e13adad4f5663ac44ac8b0eb0a1f88d4cbcb52b034e775ec6a7b0b1dd1c72ea.jpg]
[cdn.vhx.tv/assets/templates/subscription/gallery-8-7d532f4511de8eca9f40d54e003b8c5361b0b68a4d4bfb9747b2e6dec5c24aa2.jpg]
[cdn.vhx.tv/assets/templates/subscription/gallery-9-6b2f60466695e52b68553aad1684e66bf685d2aba43e4d8b7188e942bae8028b.jpg]
[cdn.vhx.tv/assets/templates/subscription/gallery-10-6d27c54ef937547f3075a68702804bdfd452612f93a540b079aa15db71442af7.jpg]
[cdn.vhx.tv/assets/templates/subscription/gallery-11-a9bac4901a08c6a0905e78c75559c848c5e26210755c7bb960d934538d7de90f.jpg]
[cdn.vhx.tv/assets/templates/subscription/gallery-12-541d60cc73ba61c854ae146fd43f2697b977aee865bab7312a5947e22d1a34a1.jpg]
[vhx.imgix.net/elementyoga/assets/58929c0f-4b2f-4167-95b2-368c3df64f432c52.jpg]
[elementyoga.vhx.tv/products/patanjalis-yamas-und-niyamas.html]
[vhx.imgix.net/elementyoga/assets/2a3c69f8-f72a-4ff9-9df2-5556834982d3a5be.jpg]
[elementyoga.vhx.tv/products/kraft-der-elemente.html]
[vhx.imgix.net/elementyoga/assets/928516cd-19d7-499b-a823-9b11610cfab9-9bc4f287a5be.jpg]
[elementyoga.vhx.tv/products/15-minuten-pausenflow.html]
[vhx.imgix.net/elementyoga/assets/7fdec8da-1df6-4346-b5ad-bf64c885319e-59f38b6aa5be.jpg]
[elementyoga.vhx.tv/help.html]
[elementyoga.vhx.tv/tos.html]
[elementyoga.vhx.tv/privacy.html]
[elementyoga.vhx.tv/cookies.html]
[cdn.vhx.tv/assets/vite/assets/language-switcher.cc5666f6.js]
[cdn.vhx.tv/assets/vite/styled-components.browser.esm.f92a9794.js]
[cdn.vhx.tv/assets/vite/LanguageSwitcher.347231b5.js]
[cdn.vhx.tv/assets/vite/index.fedb99bc.js]
[cdn.vhx.tv/assets/vite/index.61149844.js]
[cdn.vhx.tv/assets/vite/index.9dc763b0.js]
[cdn.vhx.tv/assets/vite/setup-react-intl.5037b415.js]
[cdn.vhx.tv/assets/vite/index.71ea8908.js]
[cdn.vhx.tv/assets/vite/index.7daa47bc.js]
[cdn.vhx.tv/assets/vite/deviceSizes.c239999b.js]
[cdn.vhx.tv/assets/vite/message.6b98dd87.js]
[cdn.vhx.tv/assets/webpack/vendor-ottbundle-5b2989a58aa1f2ae17a5.js]
[cdn.vhx.tv/assets/webpack/sites-ottbundle-9301900c57bc9c012f35.js]
[cdn.vhx.tv/assets/webpack/subscription-ottbundle-548c048d83117876a921.js]
[cdn.vhx.tv/assets/api.js]
[elementyoga.vhx.tv/index.html]
[cdn.vhx.tv/assets/webpack/icons.svg-ottbundle-798d02cf9d8ee37d5dfe.css]
[cdn.vhx.tv/assets/webpack/19f8bbe2703a7cd3fc2e.jpg]
[cdn.vhx.tv/assets/webpack/sites-ottbundle-edf8dd6d4f778f83ed2d.css]
[cdn.vhx.tv/assets/webpack/25a36c75e9cd4801455c.png]
[cdn.vhx.tv/assets/webpack/subscription-ottbundle-ebe89e7f610a807591ce.css]
[cdn.vhx.tv/assets/templates/_shared/typography.cabin-fbf47464e6fc8be55a690a1794cea5ccfa4ad1510e4c42af000fa59b871b9771.css]
[cdn.vhx.tv/assets/tracker-be253e44a9312b41e422e9acec66d157e9c650341ea1701c01c2c8b31b26b9e6.js]
[elementyoga.vhx.tv/site.html]
[elementyoga.vhx.tv/c]
[elementyoga.vhx.tv/b]
[elementyoga.vhx.tv/POST]
[connect.facebook.net/en_US/fbevents.js]
[cdn.vhx.tv/assets/webpack/productsCarousel-ottbundle-d625f6894e366f380132.css]
[vhx.imgix.net/elementyoga/assets/2a3c69f8-f72a-4ff9-9df2-5556834982d36baf.jpg]
[vhx.imgix.net/elementyoga/assets/2a3c69f8-f72a-4ff9-9df2-5556834982d3d2aa.jpg]
[elementyoga.vhx.tv/checkout/patanjalis-yamas-und-niyamas8b69.html]
[vhx.imgix.net/elementyoga/assets/928516cd-19d7-499b-a823-9b11610cfab9-9bc4f287d2aa.jpg]
[elementyoga.vhx.tv/checkout/kraft-der-elemente8b69.html]
[vhx.imgix.net/elementyoga/assets/7fdec8da-1df6-4346-b5ad-bf64c885319e-59f38b6ad2aa.jpg]
[elementyoga.vhx.tv/checkout/15-minuten-pausenflow8b69.html]
[elementyoga.vhx.tv/products/30-minuten-morgenflow.html]
[vhx.imgix.net/elementyoga/assets/274806ea-54a7-4754-adfa-7c7cbc74ac44-3aad2864d2aa.jpg]
[elementyoga.vhx.tv/checkout/30-minuten-morgenflow8b69.html]
[elementyoga.vhx.tv/products/das-potential-des-wassers-entdecken.html]
[vhx.imgix.net/elementyoga/assets/de32db50-2db0-4551-a34f-0fd831674f5e-2b6eee54d2aa.jpg]
[elementyoga.vhx.tv/checkout/das-potential-des-wassers-entdecken8b69.html]
[elementyoga.vhx.tv/products/die-niyamas.html]
[vhx.imgix.net/elementyoga/assets/7426093b-63c1-4fd1-8304-6cb87b81173c-72073d6dd2aa.jpg]
[elementyoga.vhx.tv/checkout/die-niyamas8b69.html]
[elementyoga.vhx.tv/products/weichheit-in-der-weite.html]
[vhx.imgix.net/elementyoga/assets/603a8ebf-c73d-4747-bf5a-3d06d887e827-dd2a24f9d2aa.jpg]
[elementyoga.vhx.tv/checkout/weichheit-in-der-weite8b69.html]
[elementyoga.vhx.tv/products/after-work-yin.html]
[vhx.imgix.net/elementyoga/assets/d6299b61-9fd9-478a-a716-2e1d381e3a18-1d5c4d09d2aa.jpg]
[elementyoga.vhx.tv/checkout/after-work-yin8b69.html]
[elementyoga.vhx.tv/products/spiel-der-elemente.html]
[vhx.imgix.net/elementyoga/assets/89b66b8d-e173-485c-9d43-f5ae8386435c-2cf1ede3d2aa.jpg]
[cdn.vhx.tv/assets/webpack/products-ottbundle-6bcac683b2aa26d565ec.js]
[elementyoga.vhx.tv/products.html]
[cdn.vhx.tv/assets/webpack/productsCarousel-ottbundle-09a5f55b4b60bca7fdc6.js]
[elementyoga.vhx.tv/search.html]
[cdn.vhx.tv/assets/webpack/products-ottbundle-e0667ab9bcb73b6fffe4.css]
[elementyoga.vhx.tv/products/site.set]
[elementyoga.vhx.tv/products/index.html]
[vhx.imgix.net/elementyoga/assets/89b66b8d-e173-485c-9d43-f5ae8386435c-2cf1ede350be.jpg]
[cdn.vhx.tv/assets/webpack/auth-branded-ottbundle-16a5cf872b53143e8602.css]
[cdn.vhx.tv/assets/webpack/ott-ottbundle-e46709132ccc7446468e.css]
[vhx.imgix.net/elementyoga/assets/2a3c69f8-f72a-4ff9-9df2-5556834982d3eced.jpg]
[elementyoga.vhx.tv/help/articles/trouble-logging-in-computer.html]
[elementyoga.vhx.tv/login.html]
[cdn.vhx.tv/assets/webpack/auth-branded-ottbundle-febebf776f6963b60e7d.js]
[cdn.vhx.tv/assets/admin/apple-touch-icon-200x200-4a2f51d91aae515ab51b46ef7c924f4bc606075108fab98d934ae0ab87c2b877.png]
[ajax.googleapis.com/ajax/libs/jquery/3.5.1/jquery.min.js]
[cdn.vhx.tv/assets/vite/assets/customer.1b6f5ae9.js]
[cdn.vhx.tv/assets/vite/preload-helper.070d40e7.js]
[cdn.vhx.tv/assets/vite/isNil.3d926206.js]
[cdn.vhx.tv/assets/vite/index.be5f128d.js]
[cdn.vhx.tv/assets/vite/index.8da42104.js]
[cdn.vhx.tv/assets/vite/insights.063615ae.js]
[cdn.vhx.tv/assets/vite/fetch.74022fd8.js]
[cdn.vhx.tv/assets/vite/moment.5b964101.js]
[cdn.vhx.tv/assets/vite/Redirect.57430a6e.js]
[cdn.vhx.tv/assets/vite/_baseIsEqual.f6bdc817.js]
[cdn.vhx.tv/assets/vite/_MapCache.73dd8342.js]
[cdn.vhx.tv/assets/vite/isObject.c70885d8.js]
[cdn.vhx.tv/assets/vite/config.dcd057e4.js]
[cdn.vhx.tv/assets/vite/inheritsLoose.a8857277.js]
[cdn.vhx.tv/assets/vite/index.cae3477b.js]
[elementyoga.vhx.tv/checkout/patanjalis-yamas-und-niyamas.html]
[elementyoga.vhx.tv/checkout/patanjalis-yamas-und-niyamas03d7.html]
[cdn.vhx.tv/assets/webpack/admin/dashboard-ottbundle-27504852c2352e0229b3.css]
[elementyoga.vhx.tv/packages/patanjalis-yamas-und-niyamas/videos/vinyasa-yamas-und-niyamas-julia-teaser.html]
[elementyoga.vhx.tv/cdn-cgi/l/email-protection.html]
[elementyoga.vhx.tv/packages/patanjalis-yamas-und-niyamas/videos/vinyasa-yamas-und-niyamas-ahimsa-luft-julia.html]
[vhx.imgix.net/elementyoga/assets/41a49838-a74f-4d04-a7cf-6b26edc0299ed2aa.jpg]
[elementyoga.vhx.tv/packages/patanjalis-yamas-und-niyamas/videos/vinyasa-yamas-und-niyamas-brahmacharia-erde-julia.html]
[vhx.imgix.net/elementyoga/assets/abef59de-060e-446f-a7d3-79ef12254522d2aa.jpg]
[elementyoga.vhx.tv/packages/patanjalis-yamas-und-niyamas/videos/vinyasa-yamas-und-niyamas-santosha-wasser-julia.html]
[vhx.imgix.net/elementyoga/assets/3efbb0ac-d76c-49a0-ae4d-83e67e6c1950d2aa.jpg]
[elementyoga.vhx.tv/packages/patanjalis-yamas-und-niyamas/videos/vinyasa-yamas-und-niyamas-tapas-feuer-julia.html]
[vhx.imgix.net/elementyoga/assets/f32a1ca3-6da7-498d-8022-daff2d8504f2d2aa.jpg]
[elementyoga.vhx.tv/packages/patanjalis-yamas-und-niyamas/videos/vinyasa-yamas-und-niyamas-svadyaya-raum-julia.html]
[vhx.imgix.net/elementyoga/assets/f05ff8d3-5c82-405f-914e-d7f1da4da87bd2aa.jpg]
[elementyoga.vhx.tv/products/patanjalis-yamas-und-niyamas.html]
[elementyoga.vhx.tv/cdn-cgi/scripts/5c5dd728/cloudflare-static/email-decode.min.js]
[vhx.imgix.net/elementyoga/assets/928516cd-19d7-499b-a823-9b11610cfab9-9bc4f28750be.jpg]
[vhx.imgix.net/elementyoga/assets/928516cd-19d7-499b-a823-9b11610cfab9-9bc4f2876baf.jpg]
[elementyoga.vhx.tv/packages/kraft-der-elemente/videos/alignment-kraft-der-elemente-teaser-alex.html]
[elementyoga.vhx.tv/packages/kraft-der-elemente/videos/alignment-kraft-der-elemente-einfuhrung-wasser-alex.html]
[vhx.imgix.net/elementyoga/assets/826f406b-7142-41e3-9cd9-02815f6bfdcb-e76addc6d2aa.jpg]
[elementyoga.vhx.tv/packages/kraft-der-elemente/videos/alignment-kraft-der-elemente-einfuhrung-erde-alex.html]
[vhx.imgix.net/elementyoga/assets/b21adf95-5d37-40fc-ab25-e0b488049fa7-f8a2bb14d2aa.jpg]
[elementyoga.vhx.tv/packages/kraft-der-elemente/videos/alignment-kraft-der-elemente-einfuhrung-luft-alex.html]
[vhx.imgix.net/elementyoga/assets/0cd537eb-76b9-4aa5-bd4b-1e10acabea55-016d7752d2aa.jpg]
[elementyoga.vhx.tv/packages/kraft-der-elemente/videos/alignment-kraft-der-elemente-einfuhrung-feuer-alex.html]
[vhx.imgix.net/elementyoga/assets/5fa2e5bb-02ba-4ea6-9cce-60167d4ad54b-c2cedac3d2aa.jpg]
[elementyoga.vhx.tv/packages/kraft-der-elemente/videos/alignment-kraft-der-elemente-einfuhrung-raum-alex.html]
[vhx.imgix.net/elementyoga/assets/ab167ece-db41-45ad-a068-6106e6bca598-d35a27d9d2aa.jpg]
[elementyoga.vhx.tv/packages/kraft-der-elemente/videos/alignment-kraft-der-elemente-praxis-luft-alex.html]
[vhx.imgix.net/elementyoga/assets/ea03602f-0e0a-4093-91cd-c5f47fcf5411-97ea295fd2aa.jpg]
[elementyoga.vhx.tv/packages/kraft-der-elemente/videos/alignment-kraft-der-elemente-praxis-erde-alex.html]
[vhx.imgix.net/elementyoga/assets/eafda6a3-fded-4c73-892a-fd406f202bd0-4baa80cad2aa.jpg]
[elementyoga.vhx.tv/packages/kraft-der-elemente/videos/alignment-kraft-der-elemente-praxis-feuer-alex.html]
[vhx.imgix.net/elementyoga/assets/f172a1b3-f814-4250-8c35-11e5d4763d95-57d17b69d2aa.jpg]
[elementyoga.vhx.tv/packages/kraft-der-elemente/videos/alignment-kraft-der-elemente-praxis-wasser-alex.html]
[vhx.imgix.net/elementyoga/assets/490aee4b-19bd-4af3-b2ae-b02db2d9bb08-7327da6cd2aa.jpg]
[elementyoga.vhx.tv/packages/kraft-der-elemente/videos/alignment-kraft-der-elemente-praixs-raum-alex.html]
[vhx.imgix.net/elementyoga/assets/6c6ce403-9d66-4346-be1c-aa96376407b6-c2e056d1d2aa.jpg]
[elementyoga.vhx.tv/packages/kraft-der-elemente/videos/alignment-kraft-der-elemente-einfuhrung-alex.html]
[vhx.imgix.net/elementyoga/assets/b621de1a-3592-402a-b411-10bf96b10e31-348d97d5d2aa.jpg]
[elementyoga.vhx.tv/products/kraft-der-elemente.html]
[vhx.imgix.net/elementyoga/assets/7fdec8da-1df6-4346-b5ad-bf64c885319e-59f38b6a50be.jpg]
[vhx.imgix.net/elementyoga/assets/7fdec8da-1df6-4346-b5ad-bf64c885319e-59f38b6a6baf.jpg]
[elementyoga.vhx.tv/packages/15-minuten-pausenflow/videos/teaser-15-minuten-pausenflow-nadin.html]
[elementyoga.vhx.tv/packages/15-minuten-pausenflow/videos/vinyasa-15-minuten-pausenflow-einfuhrung-nadin.html]
[vhx.imgix.net/elementyoga/assets/b660115c-fca1-460b-a21a-7031bff86f92-352b50edd2aa.jpg]
[elementyoga.vhx.tv/packages/15-minuten-pausenflow/videos/vinyasa-15-minuten-pausenflow-luft-erfrischende-pause-nadin.html]
[vhx.imgix.net/elementyoga/assets/9f7cf0f4-d80a-4e20-b061-805942c3148f-43d6d488d2aa.jpg]
[elementyoga.vhx.tv/packages/15-minuten-pausenflow/videos/vinyasa-15-minuten-pausenflow-wasser-sanfte-pause-nadin.html]
[vhx.imgix.net/elementyoga/assets/867db078-eb48-4e36-af9d-14bf493707be-9f326b36d2aa.jpg]
[elementyoga.vhx.tv/packages/15-minuten-pausenflow/videos/vinyasa-15-minuten-pausenflow-feuer-energetisierendepause-nadin.html]
[vhx.imgix.net/elementyoga/assets/7e34c0c7-f459-45c9-b730-033599e5815d-2eb081cbd2aa.jpg]
[elementyoga.vhx.tv/packages/15-minuten-pausenflow/videos/vinyasa-pausenflow-erde-kraftvolle-pause-nadin.html]
[vhx.imgix.net/elementyoga/assets/cfceb4e0-fdb8-4e72-91e4-b9548b95ba38-7f7ecfecd2aa.jpg]
[elementyoga.vhx.tv/packages/15-minuten-pausenflow/videos/vinyasa-15-minuten-pausenflow-raum-bewusste-pause-nadin.html]
[vhx.imgix.net/elementyoga/assets/193d3d98-e6a7-4e5f-b448-0f710921c1b0-f758e3e6d2aa.jpg]
[elementyoga.vhx.tv/products/15-minuten-pausenflow.html]
[cdn.vhx.tv/assets/webpack/subpage-ottbundle-3d5a26fad4c766147dc2.css]
[cdn.vhx.tv/assets/webpack/subpage-ottbundle-f80cb849de48ceb6943b.js]
[elementyoga.vhx.tv/help.html]
[cdn.vhx.tv/assets/webpack/help-ottbundle-5510eca97ccfebe7fd2d.js]
[elementyoga.vhx.tv/tos.html]
[elementyoga.vhx.tv/privacy.html]
[elementyoga.vhx.tv/cookies.html]
[cdn.vhx.tv/assets/webpack/AgreementPage-ottbundle-8c6bf8e582e19008753d.js]
[elementyoga.vhx.tv/index.fedb99bc.js]
[elementyoga.vhx.tv/index.61149844.js]
[elementyoga.vhx.tv/index.9dc763b0.js]
[elementyoga.vhx.tv/setup-react-intl.5037b415.js]
[elementyoga.vhx.tv/index.71ea8908.js]
[elementyoga.vhx.tv/index.7daa47bc.js]
[elementyoga.vhx.tv/deviceSizes.c239999b.js]
[elementyoga.vhx.tv/message.6b98dd87.js]
[cdn.vhx.tv/assets/vite/assets/language-switcher.cc5666f6.js]
[cdn.vhx.tv/assets/vite/styled-components.browser.esm.f92a9794.js]
[cdn.vhx.tv/assets/vite/LanguageSwitcher.347231b5.js]
[cdn.vhx.tv/assets/vite/index.fedb99bc.js]
[cdn.vhx.tv/assets/vite/index.61149844.js]
[cdn.vhx.tv/assets/vite/index.9dc763b0.js]
[cdn.vhx.tv/assets/vite/setup-react-intl.5037b415.js]
[cdn.vhx.tv/assets/vite/index.71ea8908.js]
[cdn.vhx.tv/assets/vite/index.7daa47bc.js]
[cdn.vhx.tv/assets/vite/deviceSizes.c239999b.js]
[cdn.vhx.tv/assets/vite/message.6b98dd87.js]
[cdn.vhx.tv/assets/webpack/vendor-ottbundle-5b2989a58aa1f2ae17a5.js]
[elementyoga.vhx.tv/$&/index.html]
[elementyoga.vhx.tv/ecommerce.c2.delayed]
[cactusmedia.com/js/p-06032020.js]
[cdn.vhx.tv/assets/webpack/sites-ottbundle-9301900c57bc9c012f35.js]
[cdn.vhx.tv/assets/webpack/subscription-ottbundle-548c048d83117876a921.js]
[elementyoga.vhx.tv/c.html]
[elementyoga.vhx.tv/b.html]
[elementyoga.vhx.tv/POST.html]
[cdn.vhx.tv/assets/webpack/productsCarousel-ottbundle-d625f6894e366f380132.css]
[elementyoga.vhx.tv/checkout/patanjalis-yamas-und-niyamas8b69.html]
[www.tp88trk.com/scripts/sdk/everflow.js]
[elementyoga.vhx.tv/checkout/kraft-der-elemente8b69.html]
[elementyoga.vhx.tv/checkout/kraft-der-elemente.html]
[elementyoga.vhx.tv/checkout/15-minuten-pausenflow8b69.html]
[elementyoga.vhx.tv/checkout/15-minuten-pausenflow.html]
[vhx.imgix.net/elementyoga/assets/274806ea-54a7-4754-adfa-7c7cbc74ac44-3aad286450be.jpg]
[vhx.imgix.net/elementyoga/assets/274806ea-54a7-4754-adfa-7c7cbc74ac44-3aad28646baf.jpg]
[elementyoga.vhx.tv/packages/30-minuten-morgenflow/videos/morgenflow-30min-teaser.html]
[elementyoga.vhx.tv/packages/30-minuten-morgenflow/videos/vinyasa-30-minuten-morgenflow-bewusst-den-morgen-beginnen-karla.html]
[vhx.imgix.net/elementyoga/assets/f7a3be52-a71b-452e-9b13-2738151b95e3-3bd3f5f9d2aa.jpg]
[elementyoga.vhx.tv/packages/30-minuten-morgenflow/videos/vinyasa-30-minuten-morgenflow-sanft-den-morgen-beginnen-karla.html]
[vhx.imgix.net/elementyoga/assets/7d621074-c50b-40c0-ad57-088432bae00c-8abd9f02d2aa.jpg]
[elementyoga.vhx.tv/packages/30-minuten-morgenflow/videos/vinyasa-30-minuten-morgenflow-kraftvoll-den-morgen-beginnen-karla.html]
[vhx.imgix.net/elementyoga/assets/2428433f-b711-47a1-a4ed-32e4b7bcc954-29324bbbd2aa.jpg]
[elementyoga.vhx.tv/packages/30-minuten-morgenflow/videos/vinyasa-30-minuten-morgenflow-fokussiert-den-morgen-beginnen-karla.html]
[vhx.imgix.net/elementyoga/assets/a50af6a4-1a54-4c9d-b8d6-bbbd43f76d4c-3c673dfad2aa.jpg]
[elementyoga.vhx.tv/packages/30-minuten-morgenflow/videos/vinyasa-30-minuten-morgenflow-lebendig-den-morgen-beginnen-karla.html]
[vhx.imgix.net/elementyoga/assets/a5404191-5faa-4362-9d06-4567d38cf4e8-c6afddbed2aa.jpg]
[elementyoga.vhx.tv/products/30-minuten-morgenflow.html]
[elementyoga.vhx.tv/checkout/30-minuten-morgenflow8b69.html]
[elementyoga.vhx.tv/checkout/30-minuten-morgenflow.html]
[vhx.imgix.net/elementyoga/assets/de32db50-2db0-4551-a34f-0fd831674f5e-2b6eee5450be.jpg]
[vhx.imgix.net/elementyoga/assets/de32db50-2db0-4551-a34f-0fd831674f5e-2b6eee546baf.jpg]
[elementyoga.vhx.tv/packages/das-potential-des-wassers-entdecken/videos/teaser-potenzialdeswassersentdecken-karla.html]
[elementyoga.vhx.tv/packages/das-potential-des-wassers-entdecken/videos/das-potential-des-wassers-entdecken-spielraum-verschaffen-karla.html]
[vhx.imgix.net/elementyoga/assets/8e7992b0-18dd-4993-ba49-8296c56a2cbe-5d8194c1d2aa.jpg]
[elementyoga.vhx.tv/packages/das-potential-des-wassers-entdecken/videos/das-potential-des-wassers-entdecken-das-richtige-mass-finden-karla.html]
[vhx.imgix.net/elementyoga/assets/9fb69916-78cb-4ac4-9db1-2e462685bb02-4a38c4b4d2aa.jpg]
[elementyoga.vhx.tv/packages/das-potential-des-wassers-entdecken/videos/das-potential-des-wassers-entdecken-die-leichtigkeit-des-wassers-karla.html]
[vhx.imgix.net/elementyoga/assets/1da65dc5-47a2-4a3f-8d05-5985e307903c-b4f26ac0d2aa.jpg]
[elementyoga.vhx.tv/packages/das-potential-des-wassers-entdecken/videos/das-potential-des-wassers-entdecken-selbstvertrauen-loslassen-karla.html]
[vhx.imgix.net/elementyoga/assets/eea7cee6-cf82-40bf-82ae-b6717fe92525-c5fd1854d2aa.jpg]
[elementyoga.vhx.tv/packages/das-potential-des-wassers-entdecken/videos/potential-des-wassers-entdecken-achtsamkeit-karla.html]
[vhx.imgix.net/elementyoga/assets/994d9455-f909-4671-aced-97420f290fb2-1dec2485d2aa.jpg]
[elementyoga.vhx.tv/products/das-potential-des-wassers-entdecken.html]
[elementyoga.vhx.tv/checkout/das-potential-des-wassers-entdecken8b69.html]
[elementyoga.vhx.tv/checkout/das-potential-des-wassers-entdecken.html]
[vhx.imgix.net/elementyoga/assets/7426093b-63c1-4fd1-8304-6cb87b81173c-72073d6d50be.jpg]
[vhx.imgix.net/elementyoga/assets/7426093b-63c1-4fd1-8304-6cb87b81173c-72073d6d6baf.jpg]
[elementyoga.vhx.tv/packages/die-niyamas/videos/teaser-niyamas-jana.html]
[elementyoga.vhx.tv/packages/die-niyamas/videos/niyamas-sauca-wie-eine-lotusblute-so-rein-jana.html]
[vhx.imgix.net/elementyoga/assets/a8fe5e78-19fc-4b99-a28f-3817925c0a38-0d8e0dbbd2aa.jpg]
[elementyoga.vhx.tv/packages/die-niyamas/videos/niyamas-santosha-innere-ruhe-und-zufriedenheit-jana.html]
[vhx.imgix.net/elementyoga/assets/b002cdac-882d-4b57-8c57-7869c2c17bd8-66758fe8d2aa.jpg]
[elementyoga.vhx.tv/packages/die-niyamas/videos/niyamas-tapas-die-sonne-in-dir-jana.html]
[vhx.imgix.net/elementyoga/assets/b7135b01-2719-4a68-9bea-eab6c82afb1a-e5fcb4afd2aa.jpg]
[elementyoga.vhx.tv/packages/die-niyamas/videos/niyamas-svadhyaya-selbststudium-jana.html]
[vhx.imgix.net/elementyoga/assets/aedefca1-e527-4e6d-b44b-08fb9b1a63e5-72429220d2aa.jpg]
[elementyoga.vhx.tv/packages/die-niyamas/videos/niyamas-ishvarapranidhana-absolute-hingabe-jana.html]
[vhx.imgix.net/elementyoga/assets/4e102ac0-1c86-4a24-9258-215250705315-5f737404d2aa.jpg]
[elementyoga.vhx.tv/products/die-niyamas.html]
[elementyoga.vhx.tv/checkout/die-niyamas8b69.html]
[elementyoga.vhx.tv/checkout/die-niyamas.html]
[vhx.imgix.net/elementyoga/assets/603a8ebf-c73d-4747-bf5a-3d06d887e827-dd2a24f950be.jpg]
[vhx.imgix.net/elementyoga/assets/603a8ebf-c73d-4747-bf5a-3d06d887e827-dd2a24f96baf.jpg]
[elementyoga.vhx.tv/packages/weichheit-in-der-weite/videos/teaser-weichheitinderweite-nadin.html]
[elementyoga.vhx.tv/packages/weichheit-in-der-weite/videos/weichheit-in-der-weite-neue-raume-erfahren-nadin.html]
[vhx.imgix.net/elementyoga/assets/8aa02e87-92a8-484a-9499-1140e209e1a0-91eb9002d2aa.jpg]
[elementyoga.vhx.tv/packages/weichheit-in-der-weite/videos/weichheit-in-der-weite-hingebungsvolles-uben-nadin.html]
[vhx.imgix.net/elementyoga/assets/24f4d154-25c7-4456-a680-ffb65078c830-154aa442d2aa.jpg]
[elementyoga.vhx.tv/packages/weichheit-in-der-weite/videos/weichheit-in-der-weite-raus-aus-der-komfortzone-nadin.html]
[vhx.imgix.net/elementyoga/assets/95ce9251-a1cf-4f18-a811-29392629259e-277588e4d2aa.jpg]
[elementyoga.vhx.tv/packages/weichheit-in-der-weite/videos/weichheit-in-der-weite-weite-auf-der-korperruckseite-nadin.html]
[vhx.imgix.net/elementyoga/assets/2460850a-1a0d-4361-b5c2-0e0c6a0a026b-2edde549d2aa.jpg]
[elementyoga.vhx.tv/packages/weichheit-in-der-weite/videos/weichheit-in-der-weite-mit-twists-freiraume-schaffen-nadin.html]
[vhx.imgix.net/elementyoga/assets/e7542c66-4469-4f61-a915-3b8cd3d2113d-ae587d0ad2aa.jpg]
[elementyoga.vhx.tv/products/weichheit-in-der-weite.html]
[elementyoga.vhx.tv/checkout/weichheit-in-der-weite8b69.html]
[elementyoga.vhx.tv/checkout/weichheit-in-der-weite.html]
[vhx.imgix.net/elementyoga/assets/d6299b61-9fd9-478a-a716-2e1d381e3a18-1d5c4d0950be.jpg]
[vhx.imgix.net/elementyoga/assets/d6299b61-9fd9-478a-a716-2e1d381e3a18-1d5c4d096baf.jpg]
[elementyoga.vhx.tv/packages/after-work-yin/videos/teaser-bundle-afterworkyin-alex-r2.html]
[elementyoga.vhx.tv/packages/after-work-yin/videos/after-work-yin-prasenz-alex.html]
[vhx.imgix.net/elementyoga/assets/e2dd1e74-6fee-43f4-a5a5-5422bc8784a0-1c7f9d6ed2aa.jpg]
[elementyoga.vhx.tv/packages/after-work-yin/videos/after-work-yin-loslassen-alex.html]
[vhx.imgix.net/elementyoga/assets/713ff6db-c4f6-46c9-8175-54b7d0c9500e-757c6311d2aa.jpg]
[elementyoga.vhx.tv/packages/after-work-yin/videos/after-work-yin-klarheit-alex.html]
[vhx.imgix.net/elementyoga/assets/f456ff36-4474-48f4-894c-b80f67c7d727-4173126cd2aa.jpg]
[elementyoga.vhx.tv/packages/after-work-yin/videos/after-work-yin-akzeptanz-alex.html]
[vhx.imgix.net/elementyoga/assets/f1e037fe-899b-482d-bacc-360866a30082-40d907add2aa.jpg]
[elementyoga.vhx.tv/packages/after-work-yin/videos/after-work-yin-stabilitat-finden-alex.html]
[vhx.imgix.net/elementyoga/assets/c6c31b2e-466c-47bf-a9ee-f76094a3d027-e5c07461d2aa.jpg]
[elementyoga.vhx.tv/products/after-work-yin.html]
[elementyoga.vhx.tv/checkout/after-work-yin8b69.html]
[elementyoga.vhx.tv/checkout/after-work-yin.html]
[vhx.imgix.net/elementyoga/assets/89b66b8d-e173-485c-9d43-f5ae8386435c-2cf1ede36baf.jpg]
[elementyoga.vhx.tv/packages/spiel-der-elemente/videos/teaser-bundle-spielderelemente-alex-r3.html]
[elementyoga.vhx.tv/packages/spiel-der-elemente/videos/spielderelemente-raum-intro.html]
[vhx.imgix.net/elementyoga/assets/c377f121-923b-4b7f-a8a5-6d9e0d0357a7-d7865c43d2aa.jpg]
[elementyoga.vhx.tv/packages/spiel-der-elemente/videos/spielderelemente-raum.html]
[vhx.imgix.net/elementyoga/assets/9cb23435-4eb3-4b86-9171-4711c9822c63-e1683672d2aa.jpg]
[elementyoga.vhx.tv/packages/spiel-der-elemente/videos/spielderelemente-erde-intro.html]
[vhx.imgix.net/elementyoga/assets/1fde8a36-1098-4da1-89fa-0f18be6b406a-9a912c05d2aa.jpg]
[elementyoga.vhx.tv/packages/spiel-der-elemente/videos/spielderelemente-erde.html]
[vhx.imgix.net/elementyoga/assets/872e6943-e6f0-4f6c-949d-b77adbb2f136-e4facc8ed2aa.jpg]
[elementyoga.vhx.tv/packages/spiel-der-elemente/videos/spielderelemente-wasser-intro.html]
[vhx.imgix.net/elementyoga/assets/b126646d-966f-4278-afca-7d61c681cd05-0907573ad2aa.jpg]
[elementyoga.vhx.tv/packages/spiel-der-elemente/videos/spielderelemente-wasser.html]
[vhx.imgix.net/elementyoga/assets/e49cd627-e46c-4f40-aeb5-5d21e54c0e1a-d21a99d8d2aa.jpg]
[elementyoga.vhx.tv/packages/spiel-der-elemente/videos/spielderelemente-feuer-intro.html]
[vhx.imgix.net/elementyoga/assets/b31ddcb6-3e3c-4703-b5c6-874e3ea6ad35-f7797021d2aa.jpg]
[elementyoga.vhx.tv/packages/spiel-der-elemente/videos/spielderelemente-feuer.html]
[vhx.imgix.net/elementyoga/assets/311d0842-e918-4bcd-b599-035e6accc2ab-fb961f92d2aa.jpg]
[elementyoga.vhx.tv/packages/spiel-der-elemente/videos/spielderelemente-luft-intro.html]
[vhx.imgix.net/elementyoga/assets/d3321c9b-0244-4d2d-942c-68fbdeb99ef2-78f13d6ed2aa.jpg]
[elementyoga.vhx.tv/packages/spiel-der-elemente/videos/spielderelemente-luft.html]
[vhx.imgix.net/elementyoga/assets/c30a81b6-2a4c-499e-8159-7d1f9df310e4-d97b8765d2aa.jpg]
[elementyoga.vhx.tv/packages/spiel-der-elemente/videos/spielderelemente-outro.html]
[vhx.imgix.net/elementyoga/assets/9c9980ff-ac40-43d4-a6ad-d8232c8e055b-faebc25cd2aa.jpg]
[elementyoga.vhx.tv/products/spiel-der-elemente.html]
[elementyoga.vhx.tv/checkout/spiel-der-elemente8b69]
[cdn.vhx.tv/assets/webpack/products-ottbundle-6bcac683b2aa26d565ec.js]
[cdn.vhx.tv/assets/webpack/productsCarousel-ottbundle-09a5f55b4b60bca7fdc6.js]
[cdn.vhx.tv/assets/webpack/products-ottbundle-e0667ab9bcb73b6fffe4.css]
[elementyoga.vhx.tv/products/site.set]
[cdn.vhx.tv/assets/webpack/auth-branded-ottbundle-16a5cf872b53143e8602.css]
[cdn.vhx.tv/assets/webpack/ott-ottbundle-e46709132ccc7446468e.css]
[elementyoga.vhx.tv/help/articles/trouble-logging-in-computer.html]
[elementyoga.vhx.tv/help/articles/site.set]
[djnf6e5yyirys.cloudfront.net/js/friendbuy.min.js]
[cactusmedia.com/js/pe1v2-07022020.js]
[www.dwin1.com/19038.js]
[d3pkntwtp2ukl5.cloudfront.net/uba.js]
[pix.pub/t4a5a.png]
[cdn.vhx.tv/assets/webpack/auth-branded-ottbundle-febebf776f6963b60e7d.js]
[elementyoga.vhx.tv/checkout/site.set]
[www.dwin1.com/19522.js]
[elementyoga.vhx.tv/_baseIsEqual.f6bdc817.12d.delayed]
[elementyoga.vhx.tv/).replace(/index.html]
[elementyoga.vhx.tv/_MapCache.73dd8342.js]
[elementyoga.vhx.tv/isObject.c70885d8.js]
[elementyoga.vhx.tv/config.dcd057e4.js]
[elementyoga.vhx.tv/inheritsLoose.a8857277.js]
[elementyoga.vhx.tv/index.cae3477b.js]
[cdn.vhx.tv/assets/vite/assets/customer.1b6f5ae9.js]
[cdn.vhx.tv/assets/vite/preload-helper.070d40e7.js]
[cdn.vhx.tv/assets/vite/isNil.3d926206.js]
[cdn.vhx.tv/assets/vite/index.be5f128d.js]
[cdn.vhx.tv/assets/vite/index.8da42104.js]
[cdn.vhx.tv/assets/vite/insights.063615ae.js]
[cdn.vhx.tv/assets/vite/fetch.74022fd8.js]
[cdn.vhx.tv/assets/vite/moment.5b964101.js]
[cdn.vhx.tv/assets/vite/Redirect.57430a6e.js]
[cdn.vhx.tv/assets/vite/_baseIsEqual.f6bdc817.js]
[cdn.vhx.tv/assets/vite/_MapCache.73dd8342.js]
[cdn.vhx.tv/assets/vite/isObject.c70885d8.js]
[cdn.vhx.tv/assets/vite/config.dcd057e4.js]
[cdn.vhx.tv/assets/vite/inheritsLoose.a8857277.js]
[www.google-analytics.com/analytics_debug.js]
[cdn.vhx.tv/assets/vite/index.cae3477b.js]
[cdn.vhx.tv/assets/webpack/admin/dashboard-ottbundle-27504852c2352e0229b3.css]
[elementyoga.vhx.tv/admin/tokens/index.html]
[cdn.vhx.tv/assets/webpack/videos-ottbundle-99dd5cd5ba1580357dac.css]
[elementyoga.vhx.tv/packages/patanjalis-yamas-und-niyamas/videos/site.set]
[cdn.vhx.tv/assets/webpack/videos-ottbundle-879b28afe055530c342b.js]
[elementyoga.vhx.tv/packages/patanjalis-yamas-und-niyamas/videos/vinyasa-yamas-und-niyamas-julia-teaser.html]
[elementyoga.vhx.tv/cdn-cgi/l/email-protection.html]
[cdn.vhx.tv/assets/player.js]
[vhx.imgix.net/elementyoga/assets/41a49838-a74f-4d04-a7cf-6b26edc0299e50be.jpg]
[elementyoga.vhx.tv/packages/patanjalis-yamas-und-niyamas/videos/vinyasa-yamas-und-niyamas-ahimsa-luft-julia.html]
[elementyoga.vhx.tv/logina571.html]
[vhx.imgix.net/elementyoga/assets/abef59de-060e-446f-a7d3-79ef1225452250be.jpg]
[elementyoga.vhx.tv/packages/patanjalis-yamas-und-niyamas/videos/vinyasa-yamas-und-niyamas-brahmacharia-erde-julia.html]
[elementyoga.vhx.tv/login5bd4.html]
[vhx.imgix.net/elementyoga/assets/3efbb0ac-d76c-49a0-ae4d-83e67e6c195050be.jpg]
[elementyoga.vhx.tv/packages/patanjalis-yamas-und-niyamas/videos/vinyasa-yamas-und-niyamas-santosha-wasser-julia.html]
[elementyoga.vhx.tv/login3b6a.html]
[vhx.imgix.net/elementyoga/assets/f32a1ca3-6da7-498d-8022-daff2d8504f250be.jpg]
[elementyoga.vhx.tv/packages/patanjalis-yamas-und-niyamas/videos/vinyasa-yamas-und-niyamas-tapas-feuer-julia.html]
[elementyoga.vhx.tv/logind9cf.html]
[elementyoga.vhx.tv/videos/vinyasa-yamas-und-niyamas-svadyaya-raum-julia.html]
[vhx.imgix.net/elementyoga/assets/f05ff8d3-5c82-405f-914e-d7f1da4da87b50be.jpg]
[elementyoga.vhx.tv/packages/patanjalis-yamas-und-niyamas/videos/vinyasa-yamas-und-niyamas-svadyaya-raum-julia.html]
[elementyoga.vhx.tv/login5d40.html]
[elementyoga.vhx.tv/packages/kraft-der-elemente/videos/site.set]
[elementyoga.vhx.tv/packages/kraft-der-elemente/videos/alignment-kraft-der-elemente-teaser-alex.html]
[vhx.imgix.net/elementyoga/assets/826f406b-7142-41e3-9cd9-02815f6bfdcb-e76addc650be.jpg]
[elementyoga.vhx.tv/packages/kraft-der-elemente/videos/alignment-kraft-der-elemente-einfuhrung-wasser-alex.html]
[elementyoga.vhx.tv/login34ec.html]
[vhx.imgix.net/elementyoga/assets/b21adf95-5d37-40fc-ab25-e0b488049fa7-f8a2bb1450be.jpg]
[elementyoga.vhx.tv/packages/kraft-der-elemente/videos/alignment-kraft-der-elemente-einfuhrung-erde-alex.html]
[elementyoga.vhx.tv/login561e.html]
[vhx.imgix.net/elementyoga/assets/0cd537eb-76b9-4aa5-bd4b-1e10acabea55-016d775250be.jpg]
[elementyoga.vhx.tv/packages/kraft-der-elemente/videos/alignment-kraft-der-elemente-einfuhrung-luft-alex.html]
[elementyoga.vhx.tv/login553b.html]
[vhx.imgix.net/elementyoga/assets/5fa2e5bb-02ba-4ea6-9cce-60167d4ad54b-c2cedac350be.jpg]
[elementyoga.vhx.tv/packages/kraft-der-elemente/videos/alignment-kraft-der-elemente-einfuhrung-feuer-alex.html]
[elementyoga.vhx.tv/login164a.html]
[vhx.imgix.net/elementyoga/assets/ab167ece-db41-45ad-a068-6106e6bca598-d35a27d950be.jpg]
[elementyoga.vhx.tv/packages/kraft-der-elemente/videos/alignment-kraft-der-elemente-einfuhrung-raum-alex.html]
[elementyoga.vhx.tv/logind967.html]
[vhx.imgix.net/elementyoga/assets/ea03602f-0e0a-4093-91cd-c5f47fcf5411-97ea295f50be.jpg]
[elementyoga.vhx.tv/packages/kraft-der-elemente/videos/alignment-kraft-der-elemente-praxis-luft-alex.html]
[elementyoga.vhx.tv/login4626.html]
[vhx.imgix.net/elementyoga/assets/eafda6a3-fded-4c73-892a-fd406f202bd0-4baa80ca50be.jpg]
[elementyoga.vhx.tv/packages/kraft-der-elemente/videos/alignment-kraft-der-elemente-praxis-erde-alex.html]
[elementyoga.vhx.tv/login67e6.html]
[vhx.imgix.net/elementyoga/assets/f172a1b3-f814-4250-8c35-11e5d4763d95-57d17b6950be.jpg]
[elementyoga.vhx.tv/packages/kraft-der-elemente/videos/alignment-kraft-der-elemente-praxis-feuer-alex.html]
[elementyoga.vhx.tv/login8e48.html]
[vhx.imgix.net/elementyoga/assets/490aee4b-19bd-4af3-b2ae-b02db2d9bb08-7327da6c50be.jpg]
[elementyoga.vhx.tv/packages/kraft-der-elemente/videos/alignment-kraft-der-elemente-praxis-wasser-alex.html]
[elementyoga.vhx.tv/logine0b8.html]
[vhx.imgix.net/elementyoga/assets/6c6ce403-9d66-4346-be1c-aa96376407b6-c2e056d150be.jpg]
[elementyoga.vhx.tv/packages/kraft-der-elemente/videos/alignment-kraft-der-elemente-praixs-raum-alex.html]
[elementyoga.vhx.tv/login73df.html]
[vhx.imgix.net/elementyoga/assets/b621de1a-3592-402a-b411-10bf96b10e31-348d97d550be.jpg]
[elementyoga.vhx.tv/packages/kraft-der-elemente/videos/alignment-kraft-der-elemente-einfuhrung-alex.html]
[elementyoga.vhx.tv/login8eae.html]
[elementyoga.vhx.tv/videos/teaser-15-minuten-pausenflow-nadin.html]
[elementyoga.vhx.tv/packages/15-minuten-pausenflow/videos/site.set]
[elementyoga.vhx.tv/packages/15-minuten-pausenflow/videos/teaser-15-minuten-pausenflow-nadin.html]
[elementyoga.vhx.tv/videos/vinyasa-15-minuten-pausenflow-einfuhrung-nadin]
[vhx.imgix.net/elementyoga/assets/b660115c-fca1-460b-a21a-7031bff86f92-352b50ed50be.jpg]
[elementyoga.vhx.tv/packages/15-minuten-pausenflow/videos/vinyasa-15-minuten-pausenflow-einfuhrung-nadin.html]
[elementyoga.vhx.tv/login2ce8.html]
[elementyoga.vhx.tv/videos/vinyasa-15-minuten-pausenflow-luft-erfrischende-pause-nadin]
[vhx.imgix.net/elementyoga/assets/9f7cf0f4-d80a-4e20-b061-805942c3148f-43d6d48850be.jpg]
[elementyoga.vhx.tv/packages/15-minuten-pausenflow/videos/vinyasa-15-minuten-pausenflow-luft-erfrischende-pause-nadin.html]
[elementyoga.vhx.tv/login46da.html]
[elementyoga.vhx.tv/videos/vinyasa-15-minuten-pausenflow-wasser-sanfte-pause-nadin]
[vhx.imgix.net/elementyoga/assets/867db078-eb48-4e36-af9d-14bf493707be-9f326b3650be.jpg]
[elementyoga.vhx.tv/packages/15-minuten-pausenflow/videos/vinyasa-15-minuten-pausenflow-wasser-sanfte-pause-nadin.html]
[elementyoga.vhx.tv/login10de.html]
[vhx.imgix.net/elementyoga/assets/7e34c0c7-f459-45c9-b730-033599e5815d-2eb081cb50be.jpg]
[elementyoga.vhx.tv/packages/15-minuten-pausenflow/videos/vinyasa-15-minuten-pausenflow-feuer-energetisierendepause-nadin.html]
[elementyoga.vhx.tv/logina951.html]
[vhx.imgix.net/elementyoga/assets/cfceb4e0-fdb8-4e72-91e4-b9548b95ba38-7f7ecfec50be.jpg]
[elementyoga.vhx.tv/packages/15-minuten-pausenflow/videos/vinyasa-pausenflow-erde-kraftvolle-pause-nadin.html]
[elementyoga.vhx.tv/logind385.html]
[elementyoga.vhx.tv/videos/vinyasa-15-minuten-pausenflow-raum-bewusste-pause-nadin]
[vhx.imgix.net/elementyoga/assets/193d3d98-e6a7-4e5f-b448-0f710921c1b0-f758e3e650be.jpg]
[elementyoga.vhx.tv/packages/15-minuten-pausenflow/videos/vinyasa-15-minuten-pausenflow-raum-bewusste-pause-nadin.html]
[elementyoga.vhx.tv/loginf8c4.html]
[cdn.vhx.tv/assets/webpack/subpage-ottbundle-3d5a26fad4c766147dc2.css]
[cdn.vhx.tv/assets/webpack/subpage-ottbundle-f80cb849de48ceb6943b.js]
[cdn.vhx.tv/assets/webpack/help-ottbundle-5510eca97ccfebe7fd2d.js]
[cdn.vhx.tv/assets/webpack/HelveticaNeueThin.ttf]
[cdn.vhx.tv/assets/webpack/AgreementPage-ottbundle-8c6bf8e582e19008753d.js]
[elementyoga.vhx.tv/index.fedb99bc.html]
[elementyoga.vhx.tv/index.61149844.html]
[elementyoga.vhx.tv/index.9dc763b0.html]
[elementyoga.vhx.tv/setup-react-intl.5037b415.html]
[elementyoga.vhx.tv/index.71ea8908.html]
[elementyoga.vhx.tv/index.7daa47bc.html]
[elementyoga.vhx.tv/deviceSizes.c239999b.html]
[elementyoga.vhx.tv/message.6b98dd87.html]
[elementyoga.vhx.tv/$&/index.html]
[elementyoga.vhx.tv/ecommerce.html]
[elementyoga.vhx.tv/checkout/kraft-der-elemente.html]
[elementyoga.vhx.tv/checkout/15-minuten-pausenflow.html]
[elementyoga.vhx.tv/packages/30-minuten-morgenflow/videos/site.set]
[elementyoga.vhx.tv/packages/30-minuten-morgenflow/videos/morgenflow-30min-teaser.html]
[elementyoga.vhx.tv/videos/vinyasa-30-minuten-morgenflow-bewusst-den-morgen-beginnen-karla]
[vhx.imgix.net/elementyoga/assets/f7a3be52-a71b-452e-9b13-2738151b95e3-3bd3f5f950be.jpg]
[elementyoga.vhx.tv/packages/30-minuten-morgenflow/videos/vinyasa-30-minuten-morgenflow-bewusst-den-morgen-beginnen-karla.html]
[elementyoga.vhx.tv/login72f8.html]
[vhx.imgix.net/elementyoga/assets/7d621074-c50b-40c0-ad57-088432bae00c-8abd9f0250be.jpg]
[elementyoga.vhx.tv/packages/30-minuten-morgenflow/videos/vinyasa-30-minuten-morgenflow-sanft-den-morgen-beginnen-karla.html]
[elementyoga.vhx.tv/logindf93.html]
[vhx.imgix.net/elementyoga/assets/2428433f-b711-47a1-a4ed-32e4b7bcc954-29324bbb50be.jpg]
[elementyoga.vhx.tv/packages/30-minuten-morgenflow/videos/vinyasa-30-minuten-morgenflow-kraftvoll-den-morgen-beginnen-karla.html]
[elementyoga.vhx.tv/login27f2.html]
[elementyoga.vhx.tv/videos/vinyasa-30-minuten-morgenflow-fokussiert-den-morgen-beginnen-karla]
[vhx.imgix.net/elementyoga/assets/a50af6a4-1a54-4c9d-b8d6-bbbd43f76d4c-3c673dfa50be.jpg]
[elementyoga.vhx.tv/packages/30-minuten-morgenflow/videos/vinyasa-30-minuten-morgenflow-fokussiert-den-morgen-beginnen-karla.html]
[elementyoga.vhx.tv/login86ae.html]
[elementyoga.vhx.tv/videos/vinyasa-30-minuten-morgenflow-lebendig-den-morgen-beginnen-karla]
[vhx.imgix.net/elementyoga/assets/a5404191-5faa-4362-9d06-4567d38cf4e8-c6afddbe50be.jpg]
[elementyoga.vhx.tv/packages/30-minuten-morgenflow/videos/vinyasa-30-minuten-morgenflow-lebendig-den-morgen-beginnen-karla.html]
[elementyoga.vhx.tv/checkout/30-minuten-morgenflow.html]
[elementyoga.vhx.tv/loginb5ee.html]
[elementyoga.vhx.tv/packages/das-potential-des-wassers-entdecken/videos/site.set]
[elementyoga.vhx.tv/packages/das-potential-des-wassers-entdecken/videos/teaser-potenzialdeswassersentdecken-karla.html]
[elementyoga.vhx.tv/videos/das-potential-des-wassers-entdecken-spielraum-verschaffen-karla]
[vhx.imgix.net/elementyoga/assets/8e7992b0-18dd-4993-ba49-8296c56a2cbe-5d8194c150be.jpg]
[elementyoga.vhx.tv/packages/das-potential-des-wassers-entdecken/videos/das-potential-des-wassers-entdecken-spielraum-verschaffen-karla.html]
[elementyoga.vhx.tv/loginf6fe.html]
[elementyoga.vhx.tv/videos/das-potential-des-wassers-entdecken-das-richtige-mass-finden-karla]
[vhx.imgix.net/elementyoga/assets/9fb69916-78cb-4ac4-9db1-2e462685bb02-4a38c4b450be.jpg]
[elementyoga.vhx.tv/packages/das-potential-des-wassers-entdecken/videos/das-potential-des-wassers-entdecken-das-richtige-mass-finden-karla.html]
[elementyoga.vhx.tv/loginca75.html]
[elementyoga.vhx.tv/videos/das-potential-des-wassers-entdecken-die-leichtigkeit-des-wassers-karla]
[vhx.imgix.net/elementyoga/assets/1da65dc5-47a2-4a3f-8d05-5985e307903c-b4f26ac050be.jpg]
[elementyoga.vhx.tv/packages/das-potential-des-wassers-entdecken/videos/das-potential-des-wassers-entdecken-die-leichtigkeit-des-wassers-karla.html]
[elementyoga.vhx.tv/loginb1dc.html]
[vhx.imgix.net/elementyoga/assets/eea7cee6-cf82-40bf-82ae-b6717fe92525-c5fd185450be.jpg]
[elementyoga.vhx.tv/packages/das-potential-des-wassers-entdecken/videos/das-potential-des-wassers-entdecken-selbstvertrauen-loslassen-karla.html]
[elementyoga.vhx.tv/login7971.html]
[vhx.imgix.net/elementyoga/assets/994d9455-f909-4671-aced-97420f290fb2-1dec248550be.jpg]
[elementyoga.vhx.tv/packages/das-potential-des-wassers-entdecken/videos/potential-des-wassers-entdecken-achtsamkeit-karla.html]
[elementyoga.vhx.tv/checkout/das-potential-des-wassers-entdecken.html]
[elementyoga.vhx.tv/login8d03.html]
[elementyoga.vhx.tv/videos/teaser-niyamas-jana.html]
[elementyoga.vhx.tv/packages/die-niyamas/videos/site.set]
[elementyoga.vhx.tv/packages/die-niyamas/videos/teaser-niyamas-jana.html]
[vhx.imgix.net/elementyoga/assets/a8fe5e78-19fc-4b99-a28f-3817925c0a38-0d8e0dbb50be.jpg]
[elementyoga.vhx.tv/packages/die-niyamas/videos/niyamas-sauca-wie-eine-lotusblute-so-rein-jana.html]
[elementyoga.vhx.tv/loginbdaa.html]
[vhx.imgix.net/elementyoga/assets/b002cdac-882d-4b57-8c57-7869c2c17bd8-66758fe850be.jpg]
[elementyoga.vhx.tv/packages/die-niyamas/videos/niyamas-santosha-innere-ruhe-und-zufriedenheit-jana.html]
[elementyoga.vhx.tv/login5154.html]
[elementyoga.vhx.tv/videos/niyamas-tapas-die-sonne-in-dir-jana]
[vhx.imgix.net/elementyoga/assets/b7135b01-2719-4a68-9bea-eab6c82afb1a-e5fcb4af50be.jpg]
[elementyoga.vhx.tv/packages/die-niyamas/videos/niyamas-tapas-die-sonne-in-dir-jana.html]
[elementyoga.vhx.tv/login0d7b.html]
[elementyoga.vhx.tv/videos/niyamas-svadhyaya-selbststudium-jana]
[vhx.imgix.net/elementyoga/assets/aedefca1-e527-4e6d-b44b-08fb9b1a63e5-7242922050be.jpg]
[elementyoga.vhx.tv/packages/die-niyamas/videos/niyamas-svadhyaya-selbststudium-jana.html]
[elementyoga.vhx.tv/login4d74.html]
[elementyoga.vhx.tv/videos/niyamas-ishvarapranidhana-absolute-hingabe-jana]
[vhx.imgix.net/elementyoga/assets/4e102ac0-1c86-4a24-9258-215250705315-5f73740450be.jpg]
[elementyoga.vhx.tv/packages/die-niyamas/videos/niyamas-ishvarapranidhana-absolute-hingabe-jana.html]
[elementyoga.vhx.tv/checkout/die-niyamas.html]
[elementyoga.vhx.tv/loginc069.html]
[elementyoga.vhx.tv/videos/teaser-weichheitinderweite-nadin.html]
[elementyoga.vhx.tv/packages/weichheit-in-der-weite/videos/site.set]
[elementyoga.vhx.tv/packages/weichheit-in-der-weite/videos/teaser-weichheitinderweite-nadin.html]
[vhx.imgix.net/elementyoga/assets/8aa02e87-92a8-484a-9499-1140e209e1a0-91eb900250be.jpg]
[elementyoga.vhx.tv/packages/weichheit-in-der-weite/videos/weichheit-in-der-weite-neue-raume-erfahren-nadin.html]
[elementyoga.vhx.tv/login76a1.html]
[vhx.imgix.net/elementyoga/assets/24f4d154-25c7-4456-a680-ffb65078c830-154aa44250be.jpg]
[elementyoga.vhx.tv/packages/weichheit-in-der-weite/videos/weichheit-in-der-weite-hingebungsvolles-uben-nadin.html]
[elementyoga.vhx.tv/login1144.html]
[elementyoga.vhx.tv/videos/weichheit-in-der-weite-raus-aus-der-komfortzone-nadin]
[vhx.imgix.net/elementyoga/assets/95ce9251-a1cf-4f18-a811-29392629259e-277588e450be.jpg]
[elementyoga.vhx.tv/packages/weichheit-in-der-weite/videos/weichheit-in-der-weite-raus-aus-der-komfortzone-nadin.html]
[elementyoga.vhx.tv/login94d3.html]
[elementyoga.vhx.tv/videos/weichheit-in-der-weite-weite-auf-der-korperruckseite-nadin]
[vhx.imgix.net/elementyoga/assets/2460850a-1a0d-4361-b5c2-0e0c6a0a026b-2edde54950be.jpg]
[elementyoga.vhx.tv/packages/weichheit-in-der-weite/videos/weichheit-in-der-weite-weite-auf-der-korperruckseite-nadin.html]
[elementyoga.vhx.tv/login8593.html]
[elementyoga.vhx.tv/videos/weichheit-in-der-weite-mit-twists-freiraume-schaffen-nadin]
[vhx.imgix.net/elementyoga/assets/e7542c66-4469-4f61-a915-3b8cd3d2113d-ae587d0a50be.jpg]
[elementyoga.vhx.tv/packages/weichheit-in-der-weite/videos/weichheit-in-der-weite-mit-twists-freiraume-schaffen-nadin.html]
[elementyoga.vhx.tv/checkout/weichheit-in-der-weite.html]
[elementyoga.vhx.tv/logind033.html]
[vhx.imgix.net/elementyoga/assets/eb157401-b9ef-4483-a82d-739257c7ee25-1298907950be.jpg]
[elementyoga.vhx.tv/packages/after-work-yin/videos/site.set]
[elementyoga.vhx.tv/packages/after-work-yin/videos/teaser-bundle-afterworkyin-alex-r2.html]
[vhx.imgix.net/elementyoga/assets/e2dd1e74-6fee-43f4-a5a5-5422bc8784a0-1c7f9d6e50be.jpg]
[elementyoga.vhx.tv/packages/after-work-yin/videos/after-work-yin-prasenz-alex.html]
[elementyoga.vhx.tv/loginb17f.html]
[elementyoga.vhx.tv/videos/after-work-yin-loslassen-alex]
[vhx.imgix.net/elementyoga/assets/713ff6db-c4f6-46c9-8175-54b7d0c9500e-757c631150be.jpg]
[elementyoga.vhx.tv/packages/after-work-yin/videos/after-work-yin-loslassen-alex.html]
[elementyoga.vhx.tv/loginc2c6.html]
[elementyoga.vhx.tv/videos/after-work-yin-klarheit-alex]
[vhx.imgix.net/elementyoga/assets/f456ff36-4474-48f4-894c-b80f67c7d727-4173126c50be.jpg]
[elementyoga.vhx.tv/packages/after-work-yin/videos/after-work-yin-klarheit-alex.html]
[elementyoga.vhx.tv/login1c56.html]
[elementyoga.vhx.tv/videos/after-work-yin-akzeptanz-alex]
[vhx.imgix.net/elementyoga/assets/f1e037fe-899b-482d-bacc-360866a30082-40d907ad50be.jpg]
[elementyoga.vhx.tv/packages/after-work-yin/videos/after-work-yin-akzeptanz-alex.html]
[elementyoga.vhx.tv/login1fab.html]
[elementyoga.vhx.tv/videos/after-work-yin-stabilitat-finden-alex]
[vhx.imgix.net/elementyoga/assets/c6c31b2e-466c-47bf-a9ee-f76094a3d027-e5c0746150be.jpg]
[elementyoga.vhx.tv/packages/after-work-yin/videos/after-work-yin-stabilitat-finden-alex.html]
[elementyoga.vhx.tv/checkout/after-work-yin.html]
[elementyoga.vhx.tv/login1d00.html]
[elementyoga.vhx.tv/videos/teaser-bundle-spielderelemente-alex-r3.html]
[elementyoga.vhx.tv/packages/spiel-der-elemente/videos/site.set]
[elementyoga.vhx.tv/packages/spiel-der-elemente/videos/teaser-bundle-spielderelemente-alex-r3.html]
[elementyoga.vhx.tv/videos/spielderelemente-raum-intro]
[vhx.imgix.net/elementyoga/assets/c377f121-923b-4b7f-a8a5-6d9e0d0357a7-d7865c4350be.jpg]
[elementyoga.vhx.tv/checkout/spiel-der-elemente.html]
[elementyoga.vhx.tv/packages/spiel-der-elemente/videos/spielderelemente-raum-intro.html]
[elementyoga.vhx.tv/loginbf1d.html]
[elementyoga.vhx.tv/videos/spielderelemente-raum]
[vhx.imgix.net/elementyoga/assets/9cb23435-4eb3-4b86-9171-4711c9822c63-e168367250be.jpg]
[elementyoga.vhx.tv/packages/spiel-der-elemente/videos/spielderelemente-raum.html]
[elementyoga.vhx.tv/login87e9.html]
[vhx.imgix.net/elementyoga/assets/1fde8a36-1098-4da1-89fa-0f18be6b406a-9a912c0550be.jpg]
[elementyoga.vhx.tv/packages/spiel-der-elemente/videos/spielderelemente-erde-intro.html]
[elementyoga.vhx.tv/login926f.html]
[vhx.imgix.net/elementyoga/assets/872e6943-e6f0-4f6c-949d-b77adbb2f136-e4facc8e50be.jpg]
[elementyoga.vhx.tv/packages/spiel-der-elemente/videos/spielderelemente-erde.html]
[elementyoga.vhx.tv/login18a9.html]
[vhx.imgix.net/elementyoga/assets/b126646d-966f-4278-afca-7d61c681cd05-0907573a50be.jpg]
[elementyoga.vhx.tv/packages/spiel-der-elemente/videos/spielderelemente-wasser-intro.html]
[elementyoga.vhx.tv/login3830.html]
[vhx.imgix.net/elementyoga/assets/e49cd627-e46c-4f40-aeb5-5d21e54c0e1a-d21a99d850be.jpg]
[elementyoga.vhx.tv/packages/spiel-der-elemente/videos/spielderelemente-wasser.html]
[elementyoga.vhx.tv/login0e36.html]
[elementyoga.vhx.tv/videos/spielderelemente-feuer-intro]
[vhx.imgix.net/elementyoga/assets/b31ddcb6-3e3c-4703-b5c6-874e3ea6ad35-f779702150be.jpg]
[elementyoga.vhx.tv/packages/spiel-der-elemente/videos/spielderelemente-feuer-intro.html]
[elementyoga.vhx.tv/login0939.html]
[elementyoga.vhx.tv/videos/spielderelemente-feuer]
[vhx.imgix.net/elementyoga/assets/311d0842-e918-4bcd-b599-035e6accc2ab-fb961f9250be.jpg]
[elementyoga.vhx.tv/packages/spiel-der-elemente/videos/spielderelemente-feuer.html]
[elementyoga.vhx.tv/logine287.html]
[elementyoga.vhx.tv/videos/spielderelemente-luft-intro]
[vhx.imgix.net/elementyoga/assets/d3321c9b-0244-4d2d-942c-68fbdeb99ef2-78f13d6e50be.jpg]
[elementyoga.vhx.tv/packages/spiel-der-elemente/videos/spielderelemente-luft-intro.html]
[elementyoga.vhx.tv/login2f08.html]
[elementyoga.vhx.tv/videos/spielderelemente-luft]
[vhx.imgix.net/elementyoga/assets/c30a81b6-2a4c-499e-8159-7d1f9df310e4-d97b876550be.jpg]
[elementyoga.vhx.tv/packages/spiel-der-elemente/videos/spielderelemente-luft.html]
[elementyoga.vhx.tv/login5498.html]
[elementyoga.vhx.tv/videos/spielderelemente-outro]
[vhx.imgix.net/elementyoga/assets/9c9980ff-ac40-43d4-a6ad-d8232c8e055b-faebc25c50be.jpg]
[elementyoga.vhx.tv/packages/spiel-der-elemente/videos/spielderelemente-outro.html]
[elementyoga.vhx.tv/).replace(/index.html]
[elementyoga.vhx.tv/_baseIsEqual.f6bdc817.html]
[elementyoga.vhx.tv/_MapCache.73dd8342.html]
[elementyoga.vhx.tv/isObject.c70885d8.html]
[elementyoga.vhx.tv/config.dcd057e4.html]
[elementyoga.vhx.tv/inheritsLoose.a8857277.html]
[elementyoga.vhx.tv/index.cae3477b.html]
[elementyoga.vhx.tv/admin/tokens/index.html]
[cdn.vhx.tv/assets/webpack/videos-ottbundle-99dd5cd5ba1580357dac.css]
[elementyoga.vhx.tv/packages/patanjalis-yamas-und-niyamas/videos/site.set]
[cdn.vhx.tv/assets/webpack/videos-ottbundle-879b28afe055530c342b.js]
[elementyoga.vhx.tv/logina571.html]
[elementyoga.vhx.tv/login5bd4.html]
[elementyoga.vhx.tv/login797a.html]
[elementyoga.vhx.tv/login3b6a.html]
[elementyoga.vhx.tv/packages/patanjalis-yamas-und-niyamas/videos/Moment Timezone requires Moment.js. See https_/momentjs.com/timezone/docs/index.html]
[elementyoga.vhx.tv/logind9cf.html]
[elementyoga.vhx.tv/videos/site.set]
[elementyoga.vhx.tv/videos/vinyasa-yamas-und-niyamas-svadyaya-raum-julia.html]
[elementyoga.vhx.tv/login5d40.html]
[elementyoga.vhx.tv/packages/kraft-der-elemente/videos/site.set]
[elementyoga.vhx.tv/login34ec.html]
[elementyoga.vhx.tv/login561e.html]
[elementyoga.vhx.tv/login553b.html]
[elementyoga.vhx.tv/loginc148.html]
[elementyoga.vhx.tv/login164a.html]
[elementyoga.vhx.tv/logind967.html]
[elementyoga.vhx.tv/login4626.html]
[elementyoga.vhx.tv/login67e6.html]
[elementyoga.vhx.tv/login8e48.html]
[elementyoga.vhx.tv/logine0b8.html]
[elementyoga.vhx.tv/login73df.html]
[elementyoga.vhx.tv/login8eae.html]
[elementyoga.vhx.tv/videos/teaser-15-minuten-pausenflow-nadin.html]
[elementyoga.vhx.tv/packages/15-minuten-pausenflow/videos/site.set]
[elementyoga.vhx.tv/videos/vinyasa-15-minuten-pausenflow-einfuhrung-nadin.html]
[elementyoga.vhx.tv/login2ce8.html]
[elementyoga.vhx.tv/videos/vinyasa-15-minuten-pausenflow-luft-erfrischende-pause-nadin.html]
[elementyoga.vhx.tv/login46da.html]
[elementyoga.vhx.tv/videos/vinyasa-15-minuten-pausenflow-wasser-sanfte-pause-nadin.html]
[elementyoga.vhx.tv/login10de.html]
[elementyoga.vhx.tv/logina951.html]
[elementyoga.vhx.tv/logind385.html]
[elementyoga.vhx.tv/videos/vinyasa-15-minuten-pausenflow-raum-bewusste-pause-nadin.html]
[elementyoga.vhx.tv/loginf8c4.html]
[elementyoga.vhx.tv/packages/30-minuten-morgenflow/videos/site.set]
[elementyoga.vhx.tv/videos/vinyasa-30-minuten-morgenflow-bewusst-den-morgen-beginnen-karla.html]
[elementyoga.vhx.tv/login72f8.html]
[elementyoga.vhx.tv/logindf93.html]
[elementyoga.vhx.tv/login27f2.html]
[elementyoga.vhx.tv/videos/vinyasa-30-minuten-morgenflow-fokussiert-den-morgen-beginnen-karla.html]
[elementyoga.vhx.tv/login86ae.html]
[elementyoga.vhx.tv/videos/vinyasa-30-minuten-morgenflow-lebendig-den-morgen-beginnen-karla.html]
[elementyoga.vhx.tv/loginb5ee.html]
[elementyoga.vhx.tv/packages/das-potential-des-wassers-entdecken/videos/site.set]
[elementyoga.vhx.tv/videos/das-potential-des-wassers-entdecken-spielraum-verschaffen-karla.html]
[elementyoga.vhx.tv/loginf6fe.html]
[elementyoga.vhx.tv/videos/das-potential-des-wassers-entdecken-das-richtige-mass-finden-karla.html]
[elementyoga.vhx.tv/loginca75.html]
[elementyoga.vhx.tv/videos/das-potential-des-wassers-entdecken-die-leichtigkeit-des-wassers-karla.html]
[elementyoga.vhx.tv/loginb1dc.html]
[elementyoga.vhx.tv/login7971.html]
[elementyoga.vhx.tv/login8d03.html]
[elementyoga.vhx.tv/videos/teaser-niyamas-jana.html]
[elementyoga.vhx.tv/packages/die-niyamas/videos/site.set]
[elementyoga.vhx.tv/loginbdaa.html]
[elementyoga.vhx.tv/login5154.html]
[elementyoga.vhx.tv/videos/niyamas-tapas-die-sonne-in-dir-jana.html]
[elementyoga.vhx.tv/login0d7b.html]
[elementyoga.vhx.tv/videos/niyamas-svadhyaya-selbststudium-jana.html]
[elementyoga.vhx.tv/login4d74.html]
[elementyoga.vhx.tv/videos/niyamas-ishvarapranidhana-absolute-hingabe-jana.html]
[elementyoga.vhx.tv/loginc069.html]
[elementyoga.vhx.tv/videos/teaser-weichheitinderweite-nadin.html]
[elementyoga.vhx.tv/packages/weichheit-in-der-weite/videos/site.set]
[elementyoga.vhx.tv/login76a1.html]
[elementyoga.vhx.tv/login1144.html]
[elementyoga.vhx.tv/videos/weichheit-in-der-weite-raus-aus-der-komfortzone-nadin.html]
[elementyoga.vhx.tv/login94d3.html]
[elementyoga.vhx.tv/videos/weichheit-in-der-weite-weite-auf-der-korperruckseite-nadin.html]
[elementyoga.vhx.tv/login8593.html]
[elementyoga.vhx.tv/videos/weichheit-in-der-weite-mit-twists-freiraume-schaffen-nadin.html]
[elementyoga.vhx.tv/logind033.html]
[elementyoga.vhx.tv/packages/after-work-yin/videos/site.set]
[elementyoga.vhx.tv/loginb17f.html]
[elementyoga.vhx.tv/videos/after-work-yin-loslassen-alex.html]
[elementyoga.vhx.tv/loginc2c6.html]
[elementyoga.vhx.tv/videos/after-work-yin-klarheit-alex.html]
[elementyoga.vhx.tv/login1c56.html]
[elementyoga.vhx.tv/videos/after-work-yin-akzeptanz-alex.html]
[elementyoga.vhx.tv/login1fab.html]
[elementyoga.vhx.tv/videos/after-work-yin-stabilitat-finden-alex.html]
[elementyoga.vhx.tv/login1d00.html]
[elementyoga.vhx.tv/videos/teaser-bundle-spielderelemente-alex-r3.html]
[elementyoga.vhx.tv/packages/spiel-der-elemente/videos/site.set]
[elementyoga.vhx.tv/videos/spielderelemente-raum-intro.html]
[elementyoga.vhx.tv/checkout/spiel-der-elemente.html]
[elementyoga.vhx.tv/loginbf1d.html]
[elementyoga.vhx.tv/videos/spielderelemente-raum.html]
[elementyoga.vhx.tv/login87e9.html]
[elementyoga.vhx.tv/login926f.html]
[elementyoga.vhx.tv/login18a9.html]
[elementyoga.vhx.tv/login3830.html]
[elementyoga.vhx.tv/login0e36.html]
[elementyoga.vhx.tv/videos/spielderelemente-feuer-intro.html]
[elementyoga.vhx.tv/login0939.html]
[elementyoga.vhx.tv/videos/spielderelemente-feuer.html]
[elementyoga.vhx.tv/logine287.html]
[elementyoga.vhx.tv/videos/spielderelemente-luft-intro.html]
[elementyoga.vhx.tv/login2f08.html]
[elementyoga.vhx.tv/videos/spielderelemente-luft.html]
[elementyoga.vhx.tv/login5498.html]
[elementyoga.vhx.tv/videos/spielderelemente-outro.html]
[elementyoga.vhx.tv/login797a.html]
[elementyoga.vhx.tv/packages/patanjalis-yamas-und-niyamas/videos/Moment Timezone requires Moment.js. See https_/momentjs.com/timezone/docs/index.html]
[elementyoga.vhx.tv/videos/site.set]
[elementyoga.vhx.tv/loginc148.html]
[www.dlap2tk.com/scripts/sdk/everflow.js]
[elementyoga.vhx.tv/videos/vinyasa-yamas-und-niyamas-julia-teaser.html]
[elementyoga.vhx.tv/videos/vinyasa-yamas-und-niyamas-ahimsa-luft-julia.html]
[elementyoga.vhx.tv/videos/vinyasa-yamas-und-niyamas-brahmacharia-erde-julia.html]
[elementyoga.vhx.tv/videos/vinyasa-yamas-und-niyamas-santosha-wasser-julia.html]
[elementyoga.vhx.tv/videos/vinyasa-yamas-und-niyamas-tapas-feuer-julia.html]
[elementyoga.vhx.tv/videos/alignment-kraft-der-elemente-teaser-alex.html]
[elementyoga.vhx.tv/videos/alignment-kraft-der-elemente-einfuhrung-wasser-alex.html]
[elementyoga.vhx.tv/videos/alignment-kraft-der-elemente-einfuhrung-erde-alex.html]
[elementyoga.vhx.tv/videos/alignment-kraft-der-elemente-einfuhrung-luft-alex.html]
[elementyoga.vhx.tv/videos/alignment-kraft-der-elemente-einfuhrung-feuer-alex.html]
[elementyoga.vhx.tv/videos/alignment-kraft-der-elemente-einfuhrung-raum-alex.html]
[elementyoga.vhx.tv/videos/alignment-kraft-der-elemente-praxis-luft-alex.html]
[elementyoga.vhx.tv/videos/alignment-kraft-der-elemente-praxis-erde-alex.html]
[elementyoga.vhx.tv/videos/alignment-kraft-der-elemente-praxis-feuer-alex.html]
[elementyoga.vhx.tv/videos/alignment-kraft-der-elemente-praxis-wasser-alex.html]
[elementyoga.vhx.tv/videos/alignment-kraft-der-elemente-praixs-raum-alex.html]
[elementyoga.vhx.tv/videos/alignment-kraft-der-elemente-einfuhrung-alex.html]
[elementyoga.vhx.tv/videos/vinyasa-15-minuten-pausenflow-feuer-energetisierendepause-nadin.html]
[elementyoga.vhx.tv/videos/vinyasa-pausenflow-erde-kraftvolle-pause-nadin.html]
[elementyoga.vhx.tv/videos/morgenflow-30min-teaser.html]
[elementyoga.vhx.tv/videos/vinyasa-30-minuten-morgenflow-sanft-den-morgen-beginnen-karla.html]
[elementyoga.vhx.tv/videos/vinyasa-30-minuten-morgenflow-kraftvoll-den-morgen-beginnen-karla.html]
[elementyoga.vhx.tv/videos/teaser-potenzialdeswassersentdecken-karla.html]
[elementyoga.vhx.tv/videos/das-potential-des-wassers-entdecken-selbstvertrauen-loslassen-karla.html]
[elementyoga.vhx.tv/videos/potential-des-wassers-entdecken-achtsamkeit-karla.html]
[elementyoga.vhx.tv/videos/niyamas-sauca-wie-eine-lotusblute-so-rein-jana.html]
[elementyoga.vhx.tv/videos/niyamas-santosha-innere-ruhe-und-zufriedenheit-jana.html]
[elementyoga.vhx.tv/videos/weichheit-in-der-weite-neue-raume-erfahren-nadin.html]
[elementyoga.vhx.tv/videos/weichheit-in-der-weite-hingebungsvolles-uben-nadin.html]
[elementyoga.vhx.tv/videos/teaser-bundle-afterworkyin-alex-r2.html]
[elementyoga.vhx.tv/videos/after-work-yin-prasenz-alex.html]
[elementyoga.vhx.tv/videos/spielderelemente-erde-intro.html]
[elementyoga.vhx.tv/videos/spielderelemente-erde.html]
[elementyoga.vhx.tv/videos/spielderelemente-wasser-intro.html]
[elementyoga.vhx.tv/videos/spielderelemente-wasser.html]
